[2026-08-09 08:37:58] SERVER -> CLIENT: 220 smtp.gmail.com ESMTP 41be03b00d2f7-cbe8f35b0c3sm2240435a12.15 - gsmtp

[2026-08-09 08:37:58] CLIENT -> SERVER: EHLO localhost

[2026-08-09 08:37:58] SERVER -> CLIENT: 250-smtp.gmail.com at your service, [175.176.79.4]
250-SIZE 35882577
250-8BITMIME
250-STARTTLS
250-ENHANCEDSTATUSCODES
250-PIPELINING
250-CHUNKING
250 SMTPUTF8

[2026-08-09 08:37:58] CLIENT -> SERVER: STARTTLS

[2026-08-09 08:37:58] SERVER -> CLIENT: 220 2.0.0 Ready to start TLS

[2026-08-09 08:37:58] CLIENT -> SERVER: EHLO localhost

[2026-08-09 08:37:59] SERVER -> CLIENT: 250-smtp.gmail.com at your service, [175.176.79.4]
250-SIZE 35882577
250-8BITMIME
250-AUTH LOGIN PLAIN XOAUTH2 PLAIN-CLIENTTOKEN OAUTHBEARER XOAUTH
250-ENHANCEDSTATUSCODES
250-PIPELINING
250-CHUNKING
250 SMTPUTF8

[2026-08-09 08:37:59] CLIENT -> SERVER: AUTH LOGIN

[2026-08-09 08:37:59] SERVER -> CLIENT: 334 VXNlcm5hbWU6

[2026-08-09 08:37:59] CLIENT -> SERVER: [credentials hidden]
[2026-08-09 08:37:59] SERVER -> CLIENT: 334 UGFzc3dvcmQ6

[2026-08-09 08:37:59] CLIENT -> SERVER: [credentials hidden]
[2026-08-09 08:38:00] SERVER -> CLIENT: 235 2.7.0 Accepted

[2026-08-09 08:38:00] CLIENT -> SERVER: MAIL FROM:<Harsebayona@gmail.com>

[2026-08-09 08:38:00] SERVER -> CLIENT: 250 2.1.0 OK 41be03b00d2f7-cbe8f35b0c3sm2240435a12.15 - gsmtp

[2026-08-09 08:38:00] CLIENT -> SERVER: RCPT TO:<harsebayona@gmail.com>

[2026-08-09 08:38:00] SERVER -> CLIENT: 250 2.1.5 OK 41be03b00d2f7-cbe8f35b0c3sm2240435a12.15 - gsmtp

[2026-08-09 08:38:00] CLIENT -> SERVER: DATA

[2026-08-09 08:38:01] SERVER -> CLIENT: 354 Go ahead 41be03b00d2f7-cbe8f35b0c3sm2240435a12.15 - gsmtp

[2026-08-09 08:38:01] CLIENT -> SERVER: Date: Sun, 9 Aug 2026 08:37:57 +0800

[2026-08-09 08:38:01] CLIENT -> SERVER: To: Esrah <harsebayona@gmail.com>

[2026-08-09 08:38:01] CLIENT -> SERVER: From: DSpeedway <Harsebayona@gmail.com>

[2026-08-09 08:38:01] CLIENT -> SERVER: Subject: =?iso-8859-1?Q?Your_OTP_Code_=E2=80=94_DSpeedway?=

[2026-08-09 08:38:01] CLIENT -> SERVER: Message-ID: <b3s2hDHI6q4Fiwn0OfOYbgKmI5pQvWqJ7qOr0peA@localhost>

[2026-08-09 08:38:01] CLIENT -> SERVER: X-Mailer: PHPMailer 7.1.1 (https://github.com/PHPMailer/PHPMailer)

[2026-08-09 08:38:01] CLIENT -> SERVER: MIME-Version: 1.0

[2026-08-09 08:38:01] CLIENT -> SERVER: Content-Type: multipart/alternative;

[2026-08-09 08:38:01] CLIENT -> SERVER:  boundary="b1=_b3s2hDHI6q4Fiwn0OfOYbgKmI5pQvWqJ7qOr0peA"

[2026-08-09 08:38:01] CLIENT -> SERVER: Content-Transfer-Encoding: 8bit

[2026-08-09 08:38:01] CLIENT -> SERVER: 

[2026-08-09 08:38:01] CLIENT -> SERVER: --b1=_b3s2hDHI6q4Fiwn0OfOYbgKmI5pQvWqJ7qOr0peA

[2026-08-09 08:38:01] CLIENT -> SERVER: Content-Type: text/plain; charset=us-ascii

[2026-08-09 08:38:01] CLIENT -> SERVER: 

[2026-08-09 08:38:01] CLIENT -> SERVER: Your OTP code is: 234124. Valid for 10 minutes.

[2026-08-09 08:38:01] CLIENT -> SERVER: 

[2026-08-09 08:38:01] CLIENT -> SERVER: --b1=_b3s2hDHI6q4Fiwn0OfOYbgKmI5pQvWqJ7qOr0peA

[2026-08-09 08:38:01] CLIENT -> SERVER: Content-Type: text/html; charset=us-ascii

[2026-08-09 08:38:01] CLIENT -> SERVER: 

[2026-08-09 08:38:01] CLIENT -> SERVER: 

[2026-08-09 08:38:01] CLIENT -> SERVER:     <!DOCTYPE html>

[2026-08-09 08:38:01] CLIENT -> SERVER:     <html>

[2026-08-09 08:38:01] CLIENT -> SERVER:     <head><meta charset="UTF-8"></head>

[2026-08-09 08:38:01] CLIENT -> SERVER:     <body style="font-family:Arial,sans-serif;background:#0d1117;margin:0;padding:0;">

[2026-08-09 08:38:01] CLIENT -> SERVER:     <div style="max-width:480px;margin:40px auto;background:#161b27;border:1px solid rgba(74,222,128,.18);border-radius:14px;overflow:hidden;">

[2026-08-09 08:38:01] CLIENT -> SERVER:         <div style="background:linear-gradient(135deg,#0f1f15,#111827);padding:28px 32px;text-align:center;border-bottom:1px solid rgba(74,222,128,.15);">

[2026-08-09 08:38:01] CLIENT -> SERVER:         <h1 style="color:#4ade80;font-size:1.4rem;margin:0 0 4px;">&#x1F510; DSpeedway</h1>

[2026-08-09 08:38:01] CLIENT -> SERVER:         <p style="color:#64748b;font-size:.8rem;margin:0;">Password Reset OTP</p>

[2026-08-09 08:38:01] CLIENT -> SERVER:         </div>

[2026-08-09 08:38:01] CLIENT -> SERVER:         <div style="padding:32px;text-align:center;">

[2026-08-09 08:38:01] CLIENT -> SERVER:         <p style="color:#94a3b8;margin:0 0 20px;">Hi <strong style="color:#e2e8f0;">Esrah</strong>, use the OTP below to reset your password.</p>

[2026-08-09 08:38:01] CLIENT -> SERVER:         <div style="background:rgba(74,222,128,.08);border:2px dashed rgba(74,222,128,.3);border-radius:12px;padding:24px;margin:20px 0;">

[2026-08-09 08:38:01] CLIENT -> SERVER:             <div style="font-size:2.8rem;font-weight:900;letter-spacing:14px;color:#4ade80;font-family:monospace;">234124</div>

[2026-08-09 08:38:01] CLIENT -> SERVER:             <p style="color:#64748b;font-size:.75rem;margin:8px 0 0;">This OTP is valid for <strong style="color:#e2e8f0;">10 minutes</strong></p>

[2026-08-09 08:38:01] CLIENT -> SERVER:         </div>

[2026-08-09 08:38:01] CLIENT -> SERVER:         <p style="color:#475569;font-size:.8rem;margin-top:20px;">If you did not request this, please ignore this email.</p>

[2026-08-09 08:38:01] CLIENT -> SERVER:         </div>

[2026-08-09 08:38:01] CLIENT -> SERVER:         <div style="padding:16px 32px;border-top:1px solid rgba(255,255,255,.06);text-align:center;font-size:.72rem;color:#475569;">

[2026-08-09 08:38:01] CLIENT -> SERVER:         &copy; 2026 DSpeedway &mdash; D Speedway Car Care Services

[2026-08-09 08:38:01] CLIENT -> SERVER:         </div>

[2026-08-09 08:38:01] CLIENT -> SERVER:     </div>

[2026-08-09 08:38:01] CLIENT -> SERVER:     </body>

[2026-08-09 08:38:01] CLIENT -> SERVER:     </html>

[2026-08-09 08:38:01] CLIENT -> SERVER: 

[2026-08-09 08:38:01] CLIENT -> SERVER: 

[2026-08-09 08:38:01] CLIENT -> SERVER: --b1=_b3s2hDHI6q4Fiwn0OfOYbgKmI5pQvWqJ7qOr0peA--

[2026-08-09 08:38:01] CLIENT -> SERVER: 

[2026-08-09 08:38:01] CLIENT -> SERVER: .

[2026-08-09 08:38:02] SERVER -> CLIENT: 250 2.0.0 OK  1786235883 41be03b00d2f7-cbe8f35b0c3sm2240435a12.15 - gsmtp

[2026-08-09 08:38:02] CLIENT -> SERVER: QUIT

[2026-08-09 08:38:03] SERVER -> CLIENT: 221 2.0.0 closing connection 41be03b00d2f7-cbe8f35b0c3sm2240435a12.15 - gsmtp

